[    0.000000] Initializing cgroup subsys cpuset
[    0.000000] Initializing cgroup subsys cpu
[    0.000000] Initializing cgroup subsys cpuacct
[    0.000000] Linux version 4.2.0-12-generic (buildd@lcy01-10) (gcc version 5.2.1 20150922 (Ubuntu 5.2.1-18ubuntu1) ) #14-Ubuntu SMP Mon Sep 28 18:36:22 UTC 2015 (Ubuntu 4.2.0-12.14-generic 4.2.1)
[    0.000000] Command line: BOOT_IMAGE=/@/boot/vmlinuz-4.2.0-12-generic.efi.signed root=UUID=0d9c6876-886e-4eb9-b90f-55a85d10509c ro rootflags=subvol=@ quiet splash vt.handoff=7
[    0.000000] KERNEL supported cpus:
[    0.000000]   Intel GenuineIntel
[    0.000000]   AMD AuthenticAMD
[    0.000000]   Centaur CentaurHauls
[    0.000000] x86/fpu: xstate_offset[2]: 0240, xstate_sizes[2]: 0100
[    0.000000] x86/fpu: Supporting XSAVE feature 0x01: 'x87 floating point registers'
[    0.000000] x86/fpu: Supporting XSAVE feature 0x02: 'SSE registers'
[    0.000000] x86/fpu: Supporting XSAVE feature 0x04: 'AVX registers'
[    0.000000] x86/fpu: Enabled xstate features 0x7, context size is 0x340 bytes, using 'standard' format.
[    0.000000] x86/fpu: Using 'eager' FPU context switches.
[    0.000000] e820: BIOS-provided physical RAM map:
[    0.000000] BIOS-e820: [mem 0x0000000000000000-0x000000000009efff] usable
[    0.000000] BIOS-e820: [mem 0x000000000009f000-0x000000000009ffff] reserved
[    0.000000] BIOS-e820: [mem 0x0000000000100000-0x000000001fffffff] usable
[    0.000000] BIOS-e820: [mem 0x0000000020000000-0x00000000201fffff] reserved
[    0.000000] BIOS-e820: [mem 0x0000000020200000-0x0000000040003fff] usable
[    0.000000] BIOS-e820: [mem 0x0000000040004000-0x0000000040004fff] reserved
[    0.000000] BIOS-e820: [mem 0x0000000040005000-0x00000000bd72ffff] usable
[    0.000000] BIOS-e820: [mem 0x00000000bd730000-0x00000000bdd30fff] ACPI NVS
[    0.000000] BIOS-e820: [mem 0x00000000bdd31000-0x00000000bdd33fff] type 20
[    0.000000] BIOS-e820: [mem 0x00000000bdd34000-0x00000000bdd4afff] usable
[    0.000000] BIOS-e820: [mem 0x00000000bdd4b000-0x00000000bdd50fff] type 20
[    0.000000] BIOS-e820: [mem 0x00000000bdd51000-0x00000000bdd52fff] usable
[    0.000000] BIOS-e820: [mem 0x00000000bdd53000-0x00000000bdd60fff] type 20
[    0.000000] BIOS-e820: [mem 0x00000000bdd61000-0x00000000bdef2fff] usable
[    0.000000] BIOS-e820: [mem 0x00000000bdef3000-0x00000000bdef6fff] type 20
[    0.000000] BIOS-e820: [mem 0x00000000bdef7000-0x00000000bdf3ffff] usable
[    0.000000] BIOS-e820: [mem 0x00000000bdf40000-0x00000000bdf46fff] type 20
[    0.000000] BIOS-e820: [mem 0x00000000bdf47000-0x00000000bdf53fff] reserved
[    0.000000] BIOS-e820: [mem 0x00000000bdf54000-0x00000000bdf64fff] type 20
[    0.000000] BIOS-e820: [mem 0x00000000bdf65000-0x00000000bdf67fff] usable
[    0.000000] BIOS-e820: [mem 0x00000000bdf68000-0x00000000bdf69fff] type 20
[    0.000000] BIOS-e820: [mem 0x00000000bdf6a000-0x00000000bdf80fff] usable
[    0.000000] BIOS-e820: [mem 0x00000000bdf81000-0x00000000bdf86fff] type 20
[    0.000000] BIOS-e820: [mem 0x00000000bdf87000-0x00000000bdf8efff] usable
[    0.000000] BIOS-e820: [mem 0x00000000bdf8f000-0x00000000bdf8ffff] type 20
[    0.000000] BIOS-e820: [mem 0x00000000bdf90000-0x00000000bdf9efff] usable
[    0.000000] BIOS-e820: [mem 0x00000000bdf9f000-0x00000000bdf9ffff] type 20
[    0.000000] BIOS-e820: [mem 0x00000000bdfa0000-0x00000000bdfaafff] usable
[    0.000000] BIOS-e820: [mem 0x00000000bdfab000-0x00000000bdfaffff] type 20
[    0.000000] BIOS-e820: [mem 0x00000000bdfb0000-0x00000000bdfdbfff] usable
[    0.000000] BIOS-e820: [mem 0x00000000bdfdc000-0x00000000bdfdcfff] type 20
[    0.000000] BIOS-e820: [mem 0x00000000bdfdd000-0x00000000bdfecfff] usable
[    0.000000] BIOS-e820: [mem 0x00000000bdfed000-0x00000000be013fff] type 20
[    0.000000] BIOS-e820: [mem 0x00000000be014000-0x00000000be026fff] usable
[    0.000000] BIOS-e820: [mem 0x00000000be027000-0x00000000be027fff] type 20
[    0.000000] BIOS-e820: [mem 0x00000000be028000-0x00000000be028fff] usable
[    0.000000] BIOS-e820: [mem 0x00000000be029000-0x00000000be02afff] type 20
[    0.000000] BIOS-e820: [mem 0x00000000be02b000-0x00000000be02bfff] usable
[    0.000000] BIOS-e820: [mem 0x00000000be02c000-0x00000000be030fff] type 20
[    0.000000] BIOS-e820: [mem 0x00000000be031000-0x00000000be046fff] usable
[    0.000000] BIOS-e820: [mem 0x00000000be047000-0x00000000be0c7fff] reserved
[    0.000000] BIOS-e820: [mem 0x00000000be0c8000-0x00000000be0e2fff] type 20
[    0.000000] BIOS-e820: [mem 0x00000000be0e3000-0x00000000be60cfff] reserved
[    0.000000] BIOS-e820: [mem 0x00000000be60d000-0x00000000be88cfff] ACPI NVS
[    0.000000] BIOS-e820: [mem 0x00000000be88d000-0x00000000be891fff] ACPI data
[    0.000000] BIOS-e820: [mem 0x00000000be892000-0x00000000be892fff] usable
[    0.000000] BIOS-e820: [mem 0x00000000be893000-0x00000000be8d5fff] ACPI NVS
[    0.000000] BIOS-e820: [mem 0x00000000be8d6000-0x00000000bece2fff] usable
[    0.000000] BIOS-e820: [mem 0x00000000bece3000-0x00000000beff3fff] reserved
[    0.000000] BIOS-e820: [mem 0x00000000beff4000-0x00000000beffffff] usable
[    0.000000] BIOS-e820: [mem 0x00000000bfc00000-0x00000000cfdfffff] reserved
[    0.000000] BIOS-e820: [mem 0x00000000f8000000-0x00000000fbffffff] reserved
[    0.000000] BIOS-e820: [mem 0x00000000fec00000-0x00000000fec00fff] reserved
[    0.000000] BIOS-e820: [mem 0x00000000fed00000-0x00000000fed03fff] reserved
[    0.000000] BIOS-e820: [mem 0x00000000fed1c000-0x00000000fed1ffff] reserved
[    0.000000] BIOS-e820: [mem 0x00000000fee00000-0x00000000fee00fff] reserved
[    0.000000] BIOS-e820: [mem 0x00000000ff000000-0x00000000ffffffff] reserved
[    0.000000] BIOS-e820: [mem 0x0000000100000000-0x000000012f1fffff] usable
[    0.000000] NX (Execute Disable) protection: active
[    0.000000] efi: EFI v2.31 by American Megatrends
[    0.000000] efi:  ACPI=0xbe85f000  ACPI 2.0=0xbe85f000  SMBIOS=0xf04c0  MPS=0xfd4d0 
[    0.000000] SMBIOS 2.7 present.
[    0.000000] DMI: ASUSTeK COMPUTER INC. K55VD/K55VD, BIOS K55VD.406 11/09/2012
[    0.000000] e820: update [mem 0x00000000-0x00000fff] usable ==> reserved
[    0.000000] e820: remove [mem 0x000a0000-0x000fffff] usable
[    0.000000] e820: last_pfn = 0x12f200 max_arch_pfn = 0x400000000
[    0.000000] MTRR default type: uncachable
[    0.000000] MTRR fixed ranges enabled:
[    0.000000]   00000-9FFFF write-back
[    0.000000]   A0000-BFFFF uncachable
[    0.000000]   C0000-D3FFF write-protect
[    0.000000]   D4000-DFFFF uncachable
[    0.000000]   E0000-FFFFF write-protect
[    0.000000] MTRR variable ranges enabled:
[    0.000000]   0 base 000000000 mask F00000000 write-back
[    0.000000]   1 base 100000000 mask FE0000000 write-back
[    0.000000]   2 base 120000000 mask FF8000000 write-back
[    0.000000]   3 base 128000000 mask FFC000000 write-back
[    0.000000]   4 base 12C000000 mask FFE000000 write-back
[    0.000000]   5 base 12E000000 mask FFF000000 write-back
[    0.000000]   6 base 12F000000 mask FFFE00000 write-back
[    0.000000]   7 base 0C0000000 mask FC0000000 uncachable
[    0.000000]   8 base 0BFC00000 mask FFFC00000 uncachable
[    0.000000]   9 disabled
[    0.000000] x86/PAT: Configuration [0-7]: WB  WC  UC- UC  WB  WC  UC- WT  
[    0.000000] original variable MTRRs
[    0.000000] reg 0, base: 0GB, range: 4GB, type WB
[    0.000000] reg 1, base: 4GB, range: 512MB, type WB
[    0.000000] reg 2, base: 4608MB, range: 128MB, type WB
[    0.000000] reg 3, base: 4736MB, range: 64MB, type WB
[    0.000000] reg 4, base: 4800MB, range: 32MB, type WB
[    0.000000] reg 5, base: 4832MB, range: 16MB, type WB
[    0.000000] reg 6, base: 4848MB, range: 2MB, type WB
[    0.000000] reg 7, base: 3GB, range: 1GB, type UC
[    0.000000] reg 8, base: 3068MB, range: 4MB, type UC
[    0.000000] total RAM covered: 3822M
[    0.000000] Found optimal setting for mtrr clean up
[    0.000000]  gran_size: 64K 	chunk_size: 16M 	num_reg: 8  	lose cover RAM: 0G
[    0.000000] New variable MTRRs
[    0.000000] reg 0, base: 0GB, range: 2GB, type WB
[    0.000000] reg 1, base: 2GB, range: 1GB, type WB
[    0.000000] reg 2, base: 3068MB, range: 4MB, type UC
[    0.000000] reg 3, base: 4GB, range: 512MB, type WB
[    0.000000] reg 4, base: 4608MB, range: 256MB, type WB
[    0.000000] reg 5, base: 4850MB, range: 2MB, type UC
[    0.000000] reg 6, base: 4852MB, range: 4MB, type UC
[    0.000000] reg 7, base: 4856MB, range: 8MB, type UC
[    0.000000] e820: update [mem 0xbfc00000-0xffffffff] usable ==> reserved
[    0.000000] e820: last_pfn = 0xbf000 max_arch_pfn = 0x400000000
[    0.000000] found SMP MP-table at [mem 0x000fd7f0-0x000fd7ff] mapped at [ffff8800000fd7f0]
[    0.000000] Scanning 1 areas for low memory corruption
[    0.000000] Base memory trampoline at [ffff880000097000] 97000 size 24576
[    0.000000] init_memory_mapping: [mem 0x00000000-0x000fffff]
[    0.000000]  [mem 0x00000000-0x000fffff] page 4k
[    0.000000] BRK [0x01fee000, 0x01feefff] PGTABLE
[    0.000000] BRK [0x01fef000, 0x01feffff] PGTABLE
[    0.000000] BRK [0x01ff0000, 0x01ff0fff] PGTABLE
[    0.000000] init_memory_mapping: [mem 0x12f000000-0x12f1fffff]
[    0.000000]  [mem 0x12f000000-0x12f1fffff] page 2M
[    0.000000] BRK [0x01ff1000, 0x01ff1fff] PGTABLE
[    0.000000] init_memory_mapping: [mem 0x120000000-0x12effffff]
[    0.000000]  [mem 0x120000000-0x12effffff] page 2M
[    0.000000] init_memory_mapping: [mem 0x100000000-0x11fffffff]
[    0.000000]  [mem 0x100000000-0x11fffffff] page 2M
[    0.000000] init_memory_mapping: [mem 0x00100000-0x1fffffff]
[    0.000000]  [mem 0x00100000-0x001fffff] page 4k
[    0.000000]  [mem 0x00200000-0x1fffffff] page 2M
[    0.000000] init_memory_mapping: [mem 0x20200000-0x40003fff]
[    0.000000]  [mem 0x20200000-0x3fffffff] page 2M
[    0.000000]  [mem 0x40000000-0x40003fff] page 4k
[    0.000000] BRK [0x01ff2000, 0x01ff2fff] PGTABLE
[    0.000000] BRK [0x01ff3000, 0x01ff3fff] PGTABLE
[    0.000000] init_memory_mapping: [mem 0x40005000-0xbd72ffff]
[    0.000000]  [mem 0x40005000-0x401fffff] page 4k
[    0.000000]  [mem 0x40200000-0xbd5fffff] page 2M
[    0.000000]  [mem 0xbd600000-0xbd72ffff] page 4k
[    0.000000] init_memory_mapping: [mem 0xbdd34000-0xbdd4afff]
[    0.000000]  [mem 0xbdd34000-0xbdd4afff] page 4k
[    0.000000] init_memory_mapping: [mem 0xbdd51000-0xbdd52fff]
[    0.000000]  [mem 0xbdd51000-0xbdd52fff] page 4k
[    0.000000] init_memory_mapping: [mem 0xbdd61000-0xbdef2fff]
[    0.000000]  [mem 0xbdd61000-0xbdef2fff] page 4k
[    0.000000] init_memory_mapping: [mem 0xbdef7000-0xbdf3ffff]
[    0.000000]  [mem 0xbdef7000-0xbdf3ffff] page 4k
[    0.000000] init_memory_mapping: [mem 0xbdf65000-0xbdf67fff]
[    0.000000]  [mem 0xbdf65000-0xbdf67fff] page 4k
[    0.000000] init_memory_mapping: [mem 0xbdf6a000-0xbdf80fff]
[    0.000000]  [mem 0xbdf6a000-0xbdf80fff] page 4k
[    0.000000] init_memory_mapping: [mem 0xbdf87000-0xbdf8efff]
[    0.000000]  [mem 0xbdf87000-0xbdf8efff] page 4k
[    0.000000] init_memory_mapping: [mem 0xbdf90000-0xbdf9efff]
[    0.000000]  [mem 0xbdf90000-0xbdf9efff] page 4k
[    0.000000] init_memory_mapping: [mem 0xbdfa0000-0xbdfaafff]
[    0.000000]  [mem 0xbdfa0000-0xbdfaafff] page 4k
[    0.000000] init_memory_mapping: [mem 0xbdfb0000-0xbdfdbfff]
[    0.000000]  [mem 0xbdfb0000-0xbdfdbfff] page 4k
[    0.000000] init_memory_mapping: [mem 0xbdfdd000-0xbdfecfff]
[    0.000000]  [mem 0xbdfdd000-0xbdfecfff] page 4k
[    0.000000] init_memory_mapping: [mem 0xbe014000-0xbe026fff]
[    0.000000]  [mem 0xbe014000-0xbe026fff] page 4k
[    0.000000] init_memory_mapping: [mem 0xbe028000-0xbe028fff]
[    0.000000]  [mem 0xbe028000-0xbe028fff] page 4k
[    0.000000] init_memory_mapping: [mem 0xbe02b000-0xbe02bfff]
[    0.000000]  [mem 0xbe02b000-0xbe02bfff] page 4k
[    0.000000] init_memory_mapping: [mem 0xbe031000-0xbe046fff]
[    0.000000]  [mem 0xbe031000-0xbe046fff] page 4k
[    0.000000] init_memory_mapping: [mem 0xbe892000-0xbe892fff]
[    0.000000]  [mem 0xbe892000-0xbe892fff] page 4k
[    0.000000] init_memory_mapping: [mem 0xbe8d6000-0xbece2fff]
[    0.000000]  [mem 0xbe8d6000-0xbe9fffff] page 4k
[    0.000000]  [mem 0xbea00000-0xbebfffff] page 2M
[    0.000000]  [mem 0xbec00000-0xbece2fff] page 4k
[    0.000000] init_memory_mapping: [mem 0xbeff4000-0xbeffffff]
[    0.000000]  [mem 0xbeff4000-0xbeffffff] page 4k
[    0.000000] RAMDISK: [mem 0x370a6000-0x3784afff]
[    0.000000] ACPI: Early table checksum verification disabled
[    0.000000] ACPI: RSDP 0x00000000BE85F000 000024 (v02 _ASUS_)
[    0.000000] ACPI: XSDT 0x00000000BE85F078 00007C (v01 _ASUS_ Notebook 01072009 AMI  00010013)
[    0.000000] ACPI: FACP 0x00000000BE872130 00010C (v05 _ASUS_ Notebook 01072009 AMI  00010013)
[    0.000000] ACPI: DSDT 0x00000000BE85F188 012FA6 (v02 _ASUS_ Notebook 00000013 INTL 20091112)
[    0.000000] ACPI: FACS 0x00000000BE88A080 000040
[    0.000000] ACPI: APIC 0x00000000BE872240 000072 (v03 _ASUS_ Notebook 01072009 AMI  00010013)
[    0.000000] ACPI: FPDT 0x00000000BE8722B8 000044 (v01 _ASUS_ Notebook 01072009 AMI  00010013)
[    0.000000] ACPI: ECDT 0x00000000BE872300 0000C1 (v01 _ASUS_ Notebook 01072009 AMI. 00000005)
[    0.000000] ACPI: MCFG 0x00000000BE8723C8 00003C (v01 _ASUS_ Notebook 01072009 MSFT 00000097)
[    0.000000] ACPI: HPET 0x00000000BE872408 000038 (v01 _ASUS_ Notebook 01072009 AMI. 00000005)
[    0.000000] ACPI: SSDT 0x00000000BE872440 000632 (v01 AhciR1 AhciTab1 00001000 INTL 20091112)
[    0.000000] ACPI: SSDT 0x00000000BE872A78 00049E (v01 AhciR2 AhciTab2 00001000 INTL 20091112)
[    0.000000] ACPI: SSDT 0x00000000BE872F18 00098E (v01 PmRef  Cpu0Ist  00003000 INTL 20051117)
[    0.000000] ACPI: SSDT 0x00000000BE8738A8 000A92 (v01 PmRef  CpuPm    00003000 INTL 20051117)
[    0.000000] ACPI: MSDM 0x00000000BE60CE18 000055 (v03 _ASUS_ Notebook 00000000 ASUS 00000001)
[    0.000000] ACPI: Local APIC address 0xfee00000
[    0.000000] No NUMA configuration found
[    0.000000] Faking a node at [mem 0x0000000000000000-0x000000012f1fffff]
[    0.000000] NODE_DATA(0) allocated [mem 0x12f1f3000-0x12f1f7fff]
[    0.000000]  [ffffea0000000000-ffffea0004bfffff] PMD -> [ffff88012ac00000-ffff88012e7fffff] on node 0
[    0.000000] Zone ranges:
[    0.000000]   DMA      [mem 0x0000000000001000-0x0000000000ffffff]
[    0.000000]   DMA32    [mem 0x0000000001000000-0x00000000ffffffff]
[    0.000000]   Normal   [mem 0x0000000100000000-0x000000012f1fffff]
[    0.000000] Movable zone start for each node
[    0.000000] Early memory node ranges
[    0.000000]   node   0: [mem 0x0000000000001000-0x000000000009efff]
[    0.000000]   node   0: [mem 0x0000000000100000-0x000000001fffffff]
[    0.000000]   node   0: [mem 0x0000000020200000-0x0000000040003fff]
[    0.000000]   node   0: [mem 0x0000000040005000-0x00000000bd72ffff]
[    0.000000]   node   0: [mem 0x00000000bdd34000-0x00000000bdd4afff]
[    0.000000]   node   0: [mem 0x00000000bdd51000-0x00000000bdd52fff]
[    0.000000]   node   0: [mem 0x00000000bdd61000-0x00000000bdef2fff]
[    0.000000]   node   0: [mem 0x00000000bdef7000-0x00000000bdf3ffff]
[    0.000000]   node   0: [mem 0x00000000bdf65000-0x00000000bdf67fff]
[    0.000000]   node   0: [mem 0x00000000bdf6a000-0x00000000bdf80fff]
[    0.000000]   node   0: [mem 0x00000000bdf87000-0x00000000bdf8efff]
[    0.000000]   node   0: [mem 0x00000000bdf90000-0x00000000bdf9efff]
[    0.000000]   node   0: [mem 0x00000000bdfa0000-0x00000000bdfaafff]
[    0.000000]   node   0: [mem 0x00000000bdfb0000-0x00000000bdfdbfff]
[    0.000000]   node   0: [mem 0x00000000bdfdd000-0x00000000bdfecfff]
[    0.000000]   node   0: [mem 0x00000000be014000-0x00000000be026fff]
[    0.000000]   node   0: [mem 0x00000000be028000-0x00000000be028fff]
[    0.000000]   node   0: [mem 0x00000000be02b000-0x00000000be02bfff]
[    0.000000]   node   0: [mem 0x00000000be031000-0x00000000be046fff]
[    0.000000]   node   0: [mem 0x00000000be892000-0x00000000be892fff]
[    0.000000]   node   0: [mem 0x00000000be8d6000-0x00000000bece2fff]
[    0.000000]   node   0: [mem 0x00000000beff4000-0x00000000beffffff]
[    0.000000]   node   0: [mem 0x0000000100000000-0x000000012f1fffff]
[    0.000000] Initmem setup node 0 [mem 0x0000000000001000-0x000000012f1fffff]
[    0.000000] On node 0 totalpages: 970110
[    0.000000]   DMA zone: 64 pages used for memmap
[    0.000000]   DMA zone: 27 pages reserved
[    0.000000]   DMA zone: 3998 pages, LIFO batch:0
[    0.000000]   DMA32 zone: 12080 pages used for memmap
[    0.000000]   DMA32 zone: 773088 pages, LIFO batch:31
[    0.000000]   Normal zone: 3016 pages used for memmap
[    0.000000]   Normal zone: 193024 pages, LIFO batch:31
[    0.000000] Reserving Intel graphics stolen memory at 0xbfe00000-0xcfdfffff
[    0.000000] ACPI: PM-Timer IO Port: 0x408
[    0.000000] ACPI: Local APIC address 0xfee00000
[    0.000000] ACPI: LAPIC_NMI (acpi_id[0xff] high edge lint[0x1])
[    0.000000] IOAPIC[0]: apic_id 2, version 32, address 0xfec00000, GSI 0-23
[    0.000000] ACPI: INT_SRC_OVR (bus 0 bus_irq 0 global_irq 2 dfl dfl)
[    0.000000] ACPI: INT_SRC_OVR (bus 0 bus_irq 9 global_irq 9 high level)
[    0.000000] ACPI: IRQ0 used by override.
[    0.000000] ACPI: IRQ9 used by override.
[    0.000000] Using ACPI (MADT) for SMP configuration information
[    0.000000] ACPI: HPET id: 0x8086a701 base: 0xfed00000
[    0.000000] smpboot: Allowing 4 CPUs, 0 hotplug CPUs
[    0.000000] PM: Registered nosave memory: [mem 0x00000000-0x00000fff]
[    0.000000] PM: Registered nosave memory: [mem 0x0009f000-0x0009ffff]
[    0.000000] PM: Registered nosave memory: [mem 0x000a0000-0x000fffff]
[    0.000000] PM: Registered nosave memory: [mem 0x20000000-0x201fffff]
[    0.000000] PM: Registered nosave memory: [mem 0x40004000-0x40004fff]
[    0.000000] PM: Registered nosave memory: [mem 0xbd730000-0xbdd30fff]
[    0.000000] PM: Registered nosave memory: [mem 0xbdd31000-0xbdd33fff]
[    0.000000] PM: Registered nosave memory: [mem 0xbdd4b000-0xbdd50fff]
[    0.000000] PM: Registered nosave memory: [mem 0xbdd53000-0xbdd60fff]
[    0.000000] PM: Registered nosave memory: [mem 0xbdef3000-0xbdef6fff]
[    0.000000] PM: Registered nosave memory: [mem 0xbdf40000-0xbdf46fff]
[    0.000000] PM: Registered nosave memory: [mem 0xbdf47000-0xbdf53fff]
[    0.000000] PM: Registered nosave memory: [mem 0xbdf54000-0xbdf64fff]
[    0.000000] PM: Registered nosave memory: [mem 0xbdf68000-0xbdf69fff]
[    0.000000] PM: Registered nosave memory: [mem 0xbdf81000-0xbdf86fff]
[    0.000000] PM: Registered nosave memory: [mem 0xbdf8f000-0xbdf8ffff]
[    0.000000] PM: Registered nosave memory: [mem 0xbdf9f000-0xbdf9ffff]
[    0.000000] PM: Registered nosave memory: [mem 0xbdfab000-0xbdfaffff]
[    0.000000] PM: Registered nosave memory: [mem 0xbdfdc000-0xbdfdcfff]
[    0.000000] PM: Registered nosave memory: [mem 0xbdfed000-0xbe013fff]
[    0.000000] PM: Registered nosave memory: [mem 0xbe027000-0xbe027fff]
[    0.000000] PM: Registered nosave memory: [mem 0xbe029000-0xbe02afff]
[    0.000000] PM: Registered nosave memory: [mem 0xbe02c000-0xbe030fff]
[    0.000000] PM: Registered nosave memory: [mem 0xbe047000-0xbe0c7fff]
[    0.000000] PM: Registered nosave memory: [mem 0xbe0c8000-0xbe0e2fff]
[    0.000000] PM: Registered nosave memory: [mem 0xbe0e3000-0xbe60cfff]
[    0.000000] PM: Registered nosave memory: [mem 0xbe60d000-0xbe88cfff]
[    0.000000] PM: Registered nosave memory: [mem 0xbe88d000-0xbe891fff]
[    0.000000] PM: Registered nosave memory: [mem 0xbe893000-0xbe8d5fff]
[    0.000000] PM: Registered nosave memory: [mem 0xbece3000-0xbeff3fff]
[    0.000000] PM: Registered nosave memory: [mem 0xbf000000-0xbfbfffff]
[    0.000000] PM: Registered nosave memory: [mem 0xbfc00000-0xcfdfffff]
[    0.000000] PM: Registered nosave memory: [mem 0xcfe00000-0xf7ffffff]
[    0.000000] PM: Registered nosave memory: [mem 0xf8000000-0xfbffffff]
[    0.000000] PM: Registered nosave memory: [mem 0xfc000000-0xfebfffff]
[    0.000000] PM: Registered nosave memory: [mem 0xfec00000-0xfec00fff]
[    0.000000] PM: Registered nosave memory: [mem 0xfec01000-0xfecfffff]
[    0.000000] PM: Registered nosave memory: [mem 0xfed00000-0xfed03fff]
[    0.000000] PM: Registered nosave memory: [mem 0xfed04000-0xfed1bfff]
[    0.000000] PM: Registered nosave memory: [mem 0xfed1c000-0xfed1ffff]
[    0.000000] PM: Registered nosave memory: [mem 0xfed20000-0xfedfffff]
[    0.000000] PM: Registered nosave memory: [mem 0xfee00000-0xfee00fff]
[    0.000000] PM: Registered nosave memory: [mem 0xfee01000-0xfeffffff]
[    0.000000] PM: Registered nosave memory: [mem 0xff000000-0xffffffff]
[    0.000000] e820: [mem 0xcfe00000-0xf7ffffff] available for PCI devices
[    0.000000] Booting paravirtualized kernel on bare hardware
[    0.000000] clocksource: refined-jiffies: mask: 0xffffffff max_cycles: 0xffffffff, max_idle_ns: 7645519600211568 ns
[    0.000000] setup_percpu: NR_CPUS:256 nr_cpumask_bits:256 nr_cpu_ids:4 nr_node_ids:1
[    0.000000] PERCPU: Embedded 33 pages/cpu @ffff88012ee00000 s96728 r8192 d30248 u524288
[    0.000000] pcpu-alloc: s96728 r8192 d30248 u524288 alloc=1*2097152
[    0.000000] pcpu-alloc: [0] 0 1 2 3 
[    0.000000] Built 1 zonelists in Node order, mobility grouping on.  Total pages: 954923
[    0.000000] Policy zone: Normal
[    0.000000] Kernel command line: BOOT_IMAGE=/@/boot/vmlinuz-4.2.0-12-generic.efi.signed root=UUID=0d9c6876-886e-4eb9-b90f-55a85d10509c ro rootflags=subvol=@ quiet splash vt.handoff=7
[    0.000000] PID hash table entries: 4096 (order: 3, 32768 bytes)
[    0.000000] Calgary: detecting Calgary via BIOS EBDA area
[    0.000000] Calgary: Unable to locate Rio Grande table in EBDA - bailing!
[    0.000000] Memory: 3547632K/3880440K available (7921K kernel code, 1237K rwdata, 3800K rodata, 1452K init, 1292K bss, 332808K reserved, 0K cma-reserved)
[    0.000000] SLUB: HWalign=64, Order=0-3, MinObjects=0, CPUs=4, Nodes=1
[    0.000000] Hierarchical RCU implementation.
[    0.000000] 	Build-time adjustment of leaf fanout to 64.
[    0.000000] 	RCU restricting CPUs from NR_CPUS=256 to nr_cpu_ids=4.
[    0.000000] RCU: Adjusting geometry for rcu_fanout_leaf=64, nr_cpu_ids=4
[    0.000000] NR_IRQS:16640 nr_irqs:456 16
[    0.000000] 	Offload RCU callbacks from all CPUs
[    0.000000] 	Offload RCU callbacks from CPUs: 0-3.
[    0.000000] vt handoff: transparent VT on vt#7
[    0.000000] Console: colour dummy device 80x25
[    0.000000] console [tty0] enabled
[    0.000000] clocksource: hpet: mask: 0xffffffff max_cycles: 0xffffffff, max_idle_ns: 133484882848 ns
[    0.000000] hpet clockevent registered
[    0.000000] tsc: Fast TSC calibration using PIT
[    0.000000] tsc: Detected 2494.387 MHz processor
[    0.000034] Calibrating delay loop (skipped), value calculated using timer frequency.. 4988.77 BogoMIPS (lpj=9977548)
[    0.000036] pid_max: default: 32768 minimum: 301
[    0.000041] ACPI: Core revision 20150619
[    0.013687] ACPI: All ACPI Tables successfully acquired
[    0.014535] Security Framework initialized
[    0.014544] AppArmor: AppArmor initialized
[    0.014544] Yama: becoming mindful.
[    0.014803] Dentry cache hash table entries: 524288 (order: 10, 4194304 bytes)
[    0.015790] Inode-cache hash table entries: 262144 (order: 9, 2097152 bytes)
[    0.016232] Mount-cache hash table entries: 8192 (order: 4, 65536 bytes)
[    0.016237] Mountpoint-cache hash table entries: 8192 (order: 4, 65536 bytes)
[    0.016444] Initializing cgroup subsys blkio
[    0.016448] Initializing cgroup subsys memory
[    0.016455] Initializing cgroup subsys devices
[    0.016457] Initializing cgroup subsys freezer
[    0.016459] Initializing cgroup subsys net_cls
[    0.016461] Initializing cgroup subsys perf_event
[    0.016463] Initializing cgroup subsys net_prio
[    0.016465] Initializing cgroup subsys hugetlb
[    0.016486] CPU: Physical Processor ID: 0
[    0.016487] CPU: Processor Core ID: 0
[    0.016491] ENERGY_PERF_BIAS: Set to 'normal', was 'performance'
[    0.016492] ENERGY_PERF_BIAS: View and update with x86_energy_perf_policy(8)
[    0.016847] mce: CPU supports 7 MCE banks
[    0.016858] CPU0: Thermal monitoring enabled (TM1)
[    0.016864] process: using mwait in idle threads
[    0.016867] Last level iTLB entries: 4KB 512, 2MB 8, 4MB 8
[    0.016868] Last level dTLB entries: 4KB 512, 2MB 32, 4MB 32, 1GB 0
[    0.016988] Freeing SMP alternatives memory: 28K (ffffffff81ea2000 - ffffffff81ea9000)
[    0.024167] ftrace: allocating 30892 entries in 121 pages
[    0.038211] x2apic: IRQ remapping doesn't support X2APIC mode
[    0.038661] ..TIMER: vector=0x30 apic1=0 pin1=2 apic2=-1 pin2=-1
[    0.078396] TSC deadline timer enabled
[    0.078399] smpboot: CPU0: Intel(R) Core(TM) i5-3210M CPU @ 2.50GHz (fam: 06, model: 3a, stepping: 09)
[    0.078423] Performance Events: PEBS fmt1+, 16-deep LBR, IvyBridge events, full-width counters, Intel PMU driver.
[    0.078442] ... version:                3
[    0.078443] ... bit width:              48
[    0.078444] ... generic registers:      4
[    0.078445] ... value mask:             0000ffffffffffff
[    0.078446] ... max period:             0000ffffffffffff
[    0.078447] ... fixed-purpose events:   3
[    0.078447] ... event mask:             000000070000000f
[    0.079199] x86: Booting SMP configuration:
[    0.079201] .... node  #0, CPUs:      #1
[    0.082792] NMI watchdog: enabled on all CPUs, permanently consumes one hw-PMU counter.
[    0.082878]  #2 #3
[    0.090026] x86: Booted up 1 node, 4 CPUs
[    0.090029] smpboot: Total of 4 processors activated (19955.09 BogoMIPS)
[    0.093238] devtmpfs: initialized
[    0.095378] evm: security.selinux
[    0.095380] evm: security.SMACK64
[    0.095380] evm: security.SMACK64EXEC
[    0.095381] evm: security.SMACK64TRANSMUTE
[    0.095382] evm: security.SMACK64MMAP
[    0.095383] evm: security.ima
[    0.095383] evm: security.capability
[    0.095446] PM: Registering ACPI NVS region [mem 0xbd730000-0xbdd30fff] (6295552 bytes)
[    0.095513] PM: Registering ACPI NVS region [mem 0xbe60d000-0xbe88cfff] (2621440 bytes)
[    0.095543] PM: Registering ACPI NVS region [mem 0xbe893000-0xbe8d5fff] (274432 bytes)
[    0.095617] clocksource: jiffies: mask: 0xffffffff max_cycles: 0xffffffff, max_idle_ns: 7645041785100000 ns
[    0.095697] pinctrl core: initialized pinctrl subsystem
[    0.095796] RTC time: 21:27:51, date: 10/24/15
[    0.095896] NET: Registered protocol family 16
[    0.101094] cpuidle: using governor ladder
[    0.105099] cpuidle: using governor menu
[    0.105201] ACPI FADT declares the system doesn't support PCIe ASPM, so disable it
[    0.105203] ACPI: bus type PCI registered
[    0.105204] acpiphp: ACPI Hot Plug PCI Controller Driver version: 0.5
[    0.105265] PCI: MMCONFIG for domain 0000 [bus 00-3f] at [mem 0xf8000000-0xfbffffff] (base 0xf8000000)
[    0.105268] PCI: MMCONFIG at [mem 0xf8000000-0xfbffffff] reserved in E820
[    0.105278] PCI: Using configuration type 1 for base access
[    0.105453] perf_event_intel: PMU erratum BJ122, BV98, HSD29 worked around, HT is on
[    0.109436] ACPI: Added _OSI(Module Device)
[    0.109439] ACPI: Added _OSI(Processor Device)
[    0.109440] ACPI: Added _OSI(3.0 _SCP Extensions)
[    0.109441] ACPI: Added _OSI(Processor Aggregator Device)
[    0.111256] ACPI : EC: EC description table is found, configuring boot EC
[    0.111266] ACPI : EC: EC started
[    0.113108] ACPI: Executed 1 blocks of module-level executable AML code
[    0.225381] [Firmware Bug]: ACPI: BIOS _OSI(Linux) query ignored
[    0.225824] ACPI: Dynamic OEM Table Load:
[    0.225831] ACPI: SSDT 0xFFFF880129F62000 000853 (v01 PmRef  Cpu0Cst  00003001 INTL 20051117)
[    0.226461] ACPI: Dynamic OEM Table Load:
[    0.226465] ACPI: SSDT 0xFFFF880129F3A000 000303 (v01 PmRef  ApIst    00003000 INTL 20051117)
[    0.227030] ACPI: Dynamic OEM Table Load:
[    0.227033] ACPI: SSDT 0xFFFF880129F45800 000119 (v01 PmRef  ApCst    00003000 INTL 20051117)
[    0.227983] ACPI: Interpreter enabled
[    0.227990] ACPI Exception: AE_NOT_FOUND, While evaluating Sleep State [\_S1_] (20150619/hwxface-580)
[    0.227994] ACPI Exception: AE_NOT_FOUND, While evaluating Sleep State [\_S2_] (20150619/hwxface-580)
[    0.228008] ACPI: (supports S0 S3 S4 S5)
[    0.228009] ACPI: Using IOAPIC for interrupt routing
[    0.228033] PCI: Using host bridge windows from ACPI; if necessary, use "pci=nocrs" and report a bug
[    0.343090] ACPI: PCI Root Bridge [PCI0] (domain 0000 [bus 00-3e])
[    0.343096] acpi PNP0A08:00: _OSC: OS supports [ExtendedConfig ASPM ClockPM Segments MSI]
[    0.343252] acpi PNP0A08:00: _OSC: platform does not support [PCIeHotplug PME]
[    0.343376] acpi PNP0A08:00: _OSC: OS now controls [AER PCIeCapability]
[    0.343377] acpi PNP0A08:00: FADT indicates ASPM is unsupported, using BIOS configuration
[    0.343795] PCI host bridge to bus 0000:00
[    0.343798] pci_bus 0000:00: root bus resource [bus 00-3e]
[    0.343800] pci_bus 0000:00: root bus resource [io  0x0000-0x0cf7 window]
[    0.343802] pci_bus 0000:00: root bus resource [io  0x0d00-0xffff window]
[    0.343803] pci_bus 0000:00: root bus resource [mem 0x000a0000-0x000bffff window]
[    0.343805] pci_bus 0000:00: root bus resource [mem 0x000d4000-0x000d7fff window]
[    0.343806] pci_bus 0000:00: root bus resource [mem 0x000d8000-0x000dbfff window]
[    0.343808] pci_bus 0000:00: root bus resource [mem 0x000dc000-0x000dffff window]
[    0.343809] pci_bus 0000:00: root bus resource [mem 0xcfe00000-0xfeafffff window]
[    0.343816] pci 0000:00:00.0: [8086:0154] type 00 class 0x060000
[    0.343898] pci 0000:00:01.0: [8086:0151] type 01 class 0x060400
[    0.343927] pci 0000:00:01.0: PME# supported from D0 D3hot D3cold
[    0.343964] pci 0000:00:01.0: System wakeup disabled by ACPI
[    0.344001] pci 0000:00:02.0: [8086:0166] type 00 class 0x030000
[    0.344014] pci 0000:00:02.0: reg 0x10: [mem 0xf7400000-0xf77fffff 64bit]
[    0.344020] pci 0000:00:02.0: reg 0x18: [mem 0xd0000000-0xdfffffff 64bit pref]
[    0.344025] pci 0000:00:02.0: reg 0x20: [io  0xf000-0xf03f]
[    0.344140] pci 0000:00:14.0: [8086:1e31] type 00 class 0x0c0330
[    0.344172] pci 0000:00:14.0: reg 0x10: [mem 0xf7a00000-0xf7a0ffff 64bit]
[    0.344229] pci 0000:00:14.0: PME# supported from D3hot D3cold
[    0.344269] pci 0000:00:14.0: System wakeup disabled by ACPI
[    0.344307] pci 0000:00:16.0: [8086:1e3a] type 00 class 0x078000
[    0.344338] pci 0000:00:16.0: reg 0x10: [mem 0xf7a1a000-0xf7a1a00f 64bit]
[    0.344398] pci 0000:00:16.0: PME# supported from D0 D3hot D3cold
[    0.344478] pci 0000:00:1a.0: [8086:1e2d] type 00 class 0x0c0320
[    0.344506] pci 0000:00:1a.0: reg 0x10: [mem 0xf7a18000-0xf7a183ff]
[    0.344576] pci 0000:00:1a.0: PME# supported from D0 D3hot D3cold
[    0.344616] pci 0000:00:1a.0: System wakeup disabled by ACPI
[    0.344653] pci 0000:00:1b.0: [8086:1e20] type 00 class 0x040300
[    0.344680] pci 0000:00:1b.0: reg 0x10: [mem 0xf7a10000-0xf7a13fff 64bit]
[    0.344739] pci 0000:00:1b.0: PME# supported from D0 D3hot D3cold
[    0.344779] pci 0000:00:1b.0: System wakeup disabled by ACPI
[    0.344815] pci 0000:00:1c.0: [8086:1e10] type 01 class 0x060400
[    0.344886] pci 0000:00:1c.0: PME# supported from D0 D3hot D3cold
[    0.344959] pci 0000:00:1c.1: [8086:1e12] type 01 class 0x060400
[    0.345031] pci 0000:00:1c.1: PME# supported from D0 D3hot D3cold
[    0.345105] pci 0000:00:1c.3: [8086:1e16] type 01 class 0x060400
[    0.345176] pci 0000:00:1c.3: PME# supported from D0 D3hot D3cold
[    0.345218] pci 0000:00:1c.3: System wakeup disabled by ACPI
[    0.345257] pci 0000:00:1d.0: [8086:1e26] type 00 class 0x0c0320
[    0.345285] pci 0000:00:1d.0: reg 0x10: [mem 0xf7a17000-0xf7a173ff]
[    0.345355] pci 0000:00:1d.0: PME# supported from D0 D3hot D3cold
[    0.345396] pci 0000:00:1d.0: System wakeup disabled by ACPI
[    0.345432] pci 0000:00:1f.0: [8086:1e59] type 00 class 0x060100
[    0.345601] pci 0000:00:1f.2: [8086:1e03] type 00 class 0x010601
[    0.345626] pci 0000:00:1f.2: reg 0x10: [io  0xf0b0-0xf0b7]
[    0.345634] pci 0000:00:1f.2: reg 0x14: [io  0xf0a0-0xf0a3]
[    0.345642] pci 0000:00:1f.2: reg 0x18: [io  0xf090-0xf097]
[    0.345650] pci 0000:00:1f.2: reg 0x1c: [io  0xf080-0xf083]
[    0.345658] pci 0000:00:1f.2: reg 0x20: [io  0xf060-0xf07f]
[    0.345667] pci 0000:00:1f.2: reg 0x24: [mem 0xf7a16000-0xf7a167ff]
[    0.345695] pci 0000:00:1f.2: PME# supported from D3hot
[    0.345763] pci 0000:00:1f.3: [8086:1e22] type 00 class 0x0c0500
[    0.345780] pci 0000:00:1f.3: reg 0x10: [mem 0xf7a15000-0xf7a150ff 64bit]
[    0.345801] pci 0000:00:1f.3: reg 0x20: [io  0xf040-0xf05f]
[    0.345920] pci 0000:01:00.0: [10de:1058] type 00 class 0x030000
[    0.345944] pci 0000:01:00.0: reg 0x10: [mem 0xf6000000-0xf6ffffff]
[    0.345954] pci 0000:01:00.0: reg 0x14: [mem 0xe0000000-0xe7ffffff 64bit pref]
[    0.345965] pci 0000:01:00.0: reg 0x1c: [mem 0xe8000000-0xe9ffffff 64bit pref]
[    0.345972] pci 0000:01:00.0: reg 0x24: [io  0xe000-0xe07f]
[    0.345979] pci 0000:01:00.0: reg 0x30: [mem 0xf7000000-0xf707ffff pref]
[    0.353534] pci 0000:00:01.0: PCI bridge to [bus 01]
[    0.353539] pci 0000:00:01.0:   bridge window [io  0xe000-0xefff]
[    0.353544] pci 0000:00:01.0:   bridge window [mem 0xf6000000-0xf70fffff]
[    0.353550] pci 0000:00:01.0:   bridge window [mem 0xe0000000-0xe9ffffff 64bit pref]
[    0.353618] pci 0000:00:1c.0: PCI bridge to [bus 02]
[    0.353701] pci 0000:03:00.0: [168c:0032] type 00 class 0x028000
[    0.353752] pci 0000:03:00.0: reg 0x10: [mem 0xf7900000-0xf797ffff 64bit]
[    0.353816] pci 0000:03:00.0: reg 0x30: [mem 0xf7980000-0xf798ffff pref]
[    0.353870] pci 0000:03:00.0: supports D1 D2
[    0.353871] pci 0000:03:00.0: PME# supported from D0 D1 D2 D3hot D3cold
[    0.353899] pci 0000:03:00.0: System wakeup disabled by ACPI
[    0.361553] pci 0000:00:1c.1: PCI bridge to [bus 03]
[    0.361565] pci 0000:00:1c.1:   bridge window [mem 0xf7900000-0xf79fffff]
[    0.361657] pci 0000:04:00.0: [10ec:5289] type 00 class 0xff0000
[    0.361706] pci 0000:04:00.0: reg 0x10: [mem 0xf7800000-0xf780ffff]
[    0.361840] pci 0000:04:00.0: supports D1 D2
[    0.361841] pci 0000:04:00.0: PME# supported from D1 D2 D3hot D3cold
[    0.361915] pci 0000:04:00.2: [10ec:8168] type 00 class 0x020000
[    0.361964] pci 0000:04:00.2: reg 0x10: [io  0xd000-0xd0ff]
[    0.361998] pci 0000:04:00.2: reg 0x18: [mem 0xea104000-0xea104fff 64bit pref]
[    0.362020] pci 0000:04:00.2: reg 0x20: [mem 0xea100000-0xea103fff 64bit pref]
[    0.362081] pci 0000:04:00.2: supports D1 D2
[    0.362083] pci 0000:04:00.2: PME# supported from D0 D1 D2 D3hot D3cold
[    0.362111] pci 0000:04:00.2: System wakeup disabled by ACPI
[    0.369577] pci 0000:00:1c.3: PCI bridge to [bus 04]
[    0.369597] pci 0000:00:1c.3:   bridge window [io  0xd000-0xdfff]
[    0.369601] pci 0000:00:1c.3:   bridge window [mem 0xf7800000-0xf78fffff]
[    0.369607] pci 0000:00:1c.3:   bridge window [mem 0xea100000-0xea1fffff 64bit pref]
[    0.426127] ACPI: PCI Interrupt Link [LNKA] (IRQs 3 4 5 6 7 10 *11 12)
[    0.426171] ACPI: PCI Interrupt Link [LNKB] (IRQs *3 4 5 6 7 10 12)
[    0.426213] ACPI: PCI Interrupt Link [LNKC] (IRQs 3 4 5 6 7 *10 12)
[    0.426255] ACPI: PCI Interrupt Link [LNKD] (IRQs 3 4 5 6 7 *10 12)
[    0.426297] ACPI: PCI Interrupt Link [LNKE] (IRQs 3 4 5 6 7 10 12) *0, disabled.
[    0.426339] ACPI: PCI Interrupt Link [LNKF] (IRQs 3 4 5 6 7 10 12) *0, disabled.
[    0.426383] ACPI: PCI Interrupt Link [LNKG] (IRQs 3 4 *5 6 7 10 12)
[    0.426425] ACPI: PCI Interrupt Link [LNKH] (IRQs 3 *4 5 6 7 10 12)
[    0.426568] ACPI: Enabled 4 GPEs in block 00 to 3F
[    0.426628] ACPI : EC: GPE = 0x19, I/O: command/status = 0x66, data = 0x62
[    0.426721] vgaarb: setting as boot device: PCI:0000:00:02.0
[    0.426723] vgaarb: device added: PCI:0000:00:02.0,decodes=io+mem,owns=io+mem,locks=none
[    0.426727] vgaarb: device added: PCI:0000:01:00.0,decodes=io+mem,owns=none,locks=none
[    0.426728] vgaarb: loaded
[    0.426729] vgaarb: bridge control possible 0000:01:00.0
[    0.426730] vgaarb: no bridge control possible 0000:00:02.0
[    0.426950] SCSI subsystem initialized
[    0.427000] libata version 3.00 loaded.
[    0.427023] ACPI: bus type USB registered
[    0.427040] usbcore: registered new interface driver usbfs
[    0.427049] usbcore: registered new interface driver hub
[    0.427064] usbcore: registered new device driver usb
[    0.427290] PCI: Using ACPI for IRQ routing
[    0.428850] PCI: pci_cache_line_size set to 64 bytes
[    0.428903] e820: reserve RAM buffer [mem 0x0009f000-0x0009ffff]
[    0.428904] e820: reserve RAM buffer [mem 0x40004000-0x43ffffff]
[    0.428905] e820: reserve RAM buffer [mem 0xbd730000-0xbfffffff]
[    0.428911] e820: reserve RAM buffer [mem 0xbdd4b000-0xbfffffff]
[    0.428917] e820: reserve RAM buffer [mem 0xbdd53000-0xbfffffff]
[    0.428922] e820: reserve RAM buffer [mem 0xbdef3000-0xbfffffff]
[    0.428927] e820: reserve RAM buffer [mem 0xbdf40000-0xbfffffff]
[    0.428932] e820: reserve RAM buffer [mem 0xbdf68000-0xbfffffff]
[    0.428937] e820: reserve RAM buffer [mem 0xbdf81000-0xbfffffff]
[    0.428942] e820: reserve RAM buffer [mem 0xbdf8f000-0xbfffffff]
[    0.428946] e820: reserve RAM buffer [mem 0xbdf9f000-0xbfffffff]
[    0.428950] e820: reserve RAM buffer [mem 0xbdfab000-0xbfffffff]
[    0.428955] e820: reserve RAM buffer [mem 0xbdfdc000-0xbfffffff]
[    0.428958] e820: reserve RAM buffer [mem 0xbdfed000-0xbfffffff]
[    0.428962] e820: reserve RAM buffer [mem 0xbe027000-0xbfffffff]
[    0.428965] e820: reserve RAM buffer [mem 0xbe029000-0xbfffffff]
[    0.428969] e820: reserve RAM buffer [mem 0xbe02c000-0xbfffffff]
[    0.428972] e820: reserve RAM buffer [mem 0xbe047000-0xbfffffff]
[    0.428974] e820: reserve RAM buffer [mem 0xbe893000-0xbfffffff]
[    0.428976] e820: reserve RAM buffer [mem 0xbece3000-0xbfffffff]
[    0.428978] e820: reserve RAM buffer [mem 0xbf000000-0xbfffffff]
[    0.428979] e820: reserve RAM buffer [mem 0x12f200000-0x12fffffff]
[    0.429078] NetLabel: Initializing
[    0.429080] NetLabel:  domain hash size = 128
[    0.429080] NetLabel:  protocols = UNLABELED CIPSOv4
[    0.429090] NetLabel:  unlabeled traffic allowed by default
[    0.429162] hpet0: at MMIO 0xfed00000, IRQs 2, 8, 0, 0, 0, 0, 0, 0
[    0.429166] hpet0: 8 comparators, 64-bit 14.318180 MHz counter
[    0.431195] clocksource: Switched to clocksource hpet
[    0.436399] AppArmor: AppArmor Filesystem Enabled
[    0.436465] pnp: PnP ACPI init
[    0.436563] system 00:00: [mem 0xfed40000-0xfed44fff] has been reserved
[    0.436567] system 00:00: Plug and Play ACPI device, IDs PNP0c01 (active)
[    0.491429] system 00:01: [io  0x0680-0x069f] has been reserved
[    0.491431] system 00:01: [io  0x1000-0x100f] has been reserved
[    0.491433] system 00:01: [io  0xffff] has been reserved
[    0.491434] system 00:01: [io  0xffff] has been reserved
[    0.491436] system 00:01: [io  0x0400-0x0453] could not be reserved
[    0.491438] system 00:01: [io  0x0458-0x047f] has been reserved
[    0.491439] system 00:01: [io  0x0500-0x057f] has been reserved
[    0.491441] system 00:01: [io  0x164e-0x164f] has been reserved
[    0.491443] system 00:01: Plug and Play ACPI device, IDs PNP0c02 (active)
[    0.491466] pnp 00:02: Plug and Play ACPI device, IDs PNP0b00 (active)
[    0.491510] system 00:03: [io  0x0454-0x0457] has been reserved
[    0.491513] system 00:03: Plug and Play ACPI device, IDs INT3f0d PNP0c02 (active)
[    0.491559] system 00:04: [io  0x04d0-0x04d1] has been reserved
[    0.491561] system 00:04: Plug and Play ACPI device, IDs PNP0c02 (active)
[    0.491611] pnp 00:05: Plug and Play ACPI device, IDs ETD0108 SYN0a00 SYN0002 PNP0f03 PNP0f13 PNP0f12 (active)
[    0.491645] pnp 00:06: Plug and Play ACPI device, IDs ATK3001 PNP030b (active)
[    0.491804] system 00:07: [mem 0xfed1c000-0xfed1ffff] has been reserved
[    0.491806] system 00:07: [mem 0xfed10000-0xfed17fff] has been reserved
[    0.491808] system 00:07: [mem 0xfed18000-0xfed18fff] has been reserved
[    0.491810] system 00:07: [mem 0xfed19000-0xfed19fff] has been reserved
[    0.491812] system 00:07: [mem 0xf8000000-0xfbffffff] has been reserved
[    0.491813] system 00:07: [mem 0xfed20000-0xfed3ffff] has been reserved
[    0.491815] system 00:07: [mem 0xfed90000-0xfed93fff] has been reserved
[    0.491817] system 00:07: [mem 0xfed45000-0xfed8ffff] has been reserved
[    0.491819] system 00:07: [mem 0xff000000-0xffffffff] has been reserved
[    0.491820] system 00:07: [mem 0xfee00000-0xfeefffff] could not be reserved
[    0.491822] system 00:07: [mem 0xcfe00000-0xcfe00fff] has been reserved
[    0.491825] system 00:07: Plug and Play ACPI device, IDs PNP0c02 (active)
[    0.491888] system 00:08: [mem 0xcfe00000-0xcfe00fff] has been reserved
[    0.491891] system 00:08: Plug and Play ACPI device, IDs PNP0c02 (active)
[    0.492017] system 00:09: [mem 0x20000000-0x201fffff] has been reserved
[    0.492019] system 00:09: [mem 0x40004000-0x40004fff] has been reserved
[    0.492021] system 00:09: Plug and Play ACPI device, IDs PNP0c01 (active)
[    0.492048] pnp: PnP ACPI: found 10 devices
[    0.498245] clocksource: acpi_pm: mask: 0xffffff max_cycles: 0xffffff, max_idle_ns: 2085701024 ns
[    0.498281] pci 0000:00:01.0: PCI bridge to [bus 01]
[    0.498284] pci 0000:00:01.0:   bridge window [io  0xe000-0xefff]
[    0.498286] pci 0000:00:01.0:   bridge window [mem 0xf6000000-0xf70fffff]
[    0.498289] pci 0000:00:01.0:   bridge window [mem 0xe0000000-0xe9ffffff 64bit pref]
[    0.498292] pci 0000:00:1c.0: PCI bridge to [bus 02]
[    0.498303] pci 0000:00:1c.1: PCI bridge to [bus 03]
[    0.498309] pci 0000:00:1c.1:   bridge window [mem 0xf7900000-0xf79fffff]
[    0.498317] pci 0000:00:1c.3: PCI bridge to [bus 04]
[    0.498320] pci 0000:00:1c.3:   bridge window [io  0xd000-0xdfff]
[    0.498325] pci 0000:00:1c.3:   bridge window [mem 0xf7800000-0xf78fffff]
[    0.498329] pci 0000:00:1c.3:   bridge window [mem 0xea100000-0xea1fffff 64bit pref]
[    0.498337] pci_bus 0000:00: resource 4 [io  0x0000-0x0cf7 window]
[    0.498338] pci_bus 0000:00: resource 5 [io  0x0d00-0xffff window]
[    0.498340] pci_bus 0000:00: resource 6 [mem 0x000a0000-0x000bffff window]
[    0.498341] pci_bus 0000:00: resource 7 [mem 0x000d4000-0x000d7fff window]
[    0.498343] pci_bus 0000:00: resource 8 [mem 0x000d8000-0x000dbfff window]
[    0.498344] pci_bus 0000:00: resource 9 [mem 0x000dc000-0x000dffff window]
[    0.498346] pci_bus 0000:00: resource 10 [mem 0xcfe00000-0xfeafffff window]
[    0.498348] pci_bus 0000:01: resource 0 [io  0xe000-0xefff]
[    0.498349] pci_bus 0000:01: resource 1 [mem 0xf6000000-0xf70fffff]
[    0.498351] pci_bus 0000:01: resource 2 [mem 0xe0000000-0xe9ffffff 64bit pref]
[    0.498352] pci_bus 0000:03: resource 1 [mem 0xf7900000-0xf79fffff]
[    0.498354] pci_bus 0000:04: resource 0 [io  0xd000-0xdfff]
[    0.498355] pci_bus 0000:04: resource 1 [mem 0xf7800000-0xf78fffff]
[    0.498357] pci_bus 0000:04: resource 2 [mem 0xea100000-0xea1fffff 64bit pref]
[    0.498385] NET: Registered protocol family 2
[    0.498518] TCP established hash table entries: 32768 (order: 6, 262144 bytes)
[    0.498588] TCP bind hash table entries: 32768 (order: 7, 524288 bytes)
[    0.498669] TCP: Hash tables configured (established 32768 bind 32768)
[    0.498689] UDP hash table entries: 2048 (order: 4, 65536 bytes)
[    0.498704] UDP-Lite hash table entries: 2048 (order: 4, 65536 bytes)
[    0.498746] NET: Registered protocol family 1
[    0.498759] pci 0000:00:02.0: Video device with shadowed ROM
[    0.539450] PCI: CLS 64 bytes, default 64
[    0.539502] Trying to unpack rootfs image as initramfs...
[    0.660343] Freeing initrd memory: 7828K (ffff8800370a6000 - ffff88003784b000)
[    0.660368] PCI-DMA: Using software bounce buffering for IO (SWIOTLB)
[    0.660370] software IO TLB [mem 0xae771000-0xb2771000] (64MB) mapped at [ffff8800ae771000-ffff8800b2770fff]
[    0.660445] RAPL PMU detected, API unit is 2^-32 Joules, 3 fixed counters 163840 ms ovfl timer
[    0.660446] hw unit of domain pp0-core 2^-16 Joules
[    0.660447] hw unit of domain package 2^-16 Joules
[    0.660448] hw unit of domain pp1-gpu 2^-16 Joules
[    0.660562] microcode: CPU0 sig=0x306a9, pf=0x10, revision=0x12
[    0.660569] microcode: CPU1 sig=0x306a9, pf=0x10, revision=0x12
[    0.660577] microcode: CPU2 sig=0x306a9, pf=0x10, revision=0x12
[    0.660584] microcode: CPU3 sig=0x306a9, pf=0x10, revision=0x12
[    0.660636] microcode: Microcode Update Driver: v2.00 <tigran@aivazian.fsnet.co.uk>, Peter Oruba
[    0.660709] Scanning for low memory corruption every 60 seconds
[    0.660985] futex hash table entries: 1024 (order: 4, 65536 bytes)
[    0.661004] Initialise system trusted keyring
[    0.661024] audit: initializing netlink subsys (disabled)
[    0.661037] audit: type=2000 audit(1445722071.656:1): initialized
[    0.661375] HugeTLB registered 2 MB page size, pre-allocated 0 pages
[    0.662666] zpool: loaded
[    0.662669] zbud: loaded
[    0.662849] VFS: Disk quotas dquot_6.6.0
[    0.662878] VFS: Dquot-cache hash table entries: 512 (order 0, 4096 bytes)
[    0.663299] fuse init (API version 7.23)
[    0.663418] Key type big_key registered
[    0.663772] Key type asymmetric registered
[    0.663776] Asymmetric key parser 'x509' registered
[    0.663796] Block layer SCSI generic (bsg) driver version 0.4 loaded (major 249)
[    0.663829] io scheduler noop registered
[    0.663831] io scheduler deadline registered (default)
[    0.663863] io scheduler cfq registered
[    0.664392] pci_hotplug: PCI Hot Plug PCI Core version: 0.5
[    0.664399] pciehp: PCI Express Hot Plug Controller Driver version: 0.4
[    0.664430] efifb: probing for efifb
[    0.664443] efifb: framebuffer at 0xd0000000, mapped to 0xffffc90000800000, using 3072k, total 3072k
[    0.664445] efifb: mode is 1024x768x32, linelength=4096, pages=1
[    0.664445] efifb: scrolling: redraw
[    0.664447] efifb: Truecolor: size=8:8:8:8, shift=24:16:8:0
[    0.664529] Console: switching to colour frame buffer device 128x48
[    0.664543] fb0: EFI VGA frame buffer device
[    0.664551] intel_idle: MWAIT substates: 0x21120
[    0.664552] intel_idle: v0.4 model 0x3A
[    0.664553] intel_idle: lapic_timer_reliable_states 0xffffffff
[    0.664767] ACPI: AC Adapter [AC0] (on-line)
[    0.664822] input: Lid Switch as /devices/LNXSYSTM:00/LNXSYBUS:00/PNP0C0D:00/input/input0
[    0.687545] ACPI: Lid Switch [LID]
[    0.687582] input: Sleep Button as /devices/LNXSYSTM:00/LNXSYBUS:00/PNP0C0E:00/input/input1
[    0.687585] ACPI: Sleep Button [SLPB]
[    0.687615] input: Power Button as /devices/LNXSYSTM:00/LNXPWRBN:00/input/input2
[    0.687616] ACPI: Power Button [PWRF]
[    0.688260] thermal LNXTHERM:00: registered as thermal_zone0
[    0.688262] ACPI: Thermal Zone [THRM] (53 C)
[    0.688296] GHES: HEST is not enabled!
[    0.688394] Serial: 8250/16550 driver, 32 ports, IRQ sharing enabled
[    0.690533] Linux agpgart interface v0.103
[    0.692898] brd: module loaded
[    0.693680] loop: module loaded
[    0.693875] libphy: Fixed MDIO Bus: probed
[    0.693879] tun: Universal TUN/TAP device driver, 1.6
[    0.693880] tun: (C) 1999-2004 Max Krasnyansky <maxk@qualcomm.com>
[    0.693922] PPP generic driver version 2.4.2
[    0.694079] xhci_hcd 0000:00:14.0: xHCI Host Controller
[    0.694085] xhci_hcd 0000:00:14.0: new USB bus registered, assigned bus number 1
[    0.694178] xhci_hcd 0000:00:14.0: hcc params 0x20007181 hci version 0x100 quirks 0x0000b930
[    0.694186] xhci_hcd 0000:00:14.0: cache line size of 64 is not supported
[    0.694272] usb usb1: New USB device found, idVendor=1d6b, idProduct=0002
[    0.694274] usb usb1: New USB device strings: Mfr=3, Product=2, SerialNumber=1
[    0.694275] usb usb1: Product: xHCI Host Controller
[    0.694277] usb usb1: Manufacturer: Linux 4.2.0-12-generic xhci-hcd
[    0.694278] usb usb1: SerialNumber: 0000:00:14.0
[    0.694370] hub 1-0:1.0: USB hub found
[    0.694380] hub 1-0:1.0: 4 ports detected
[    0.694497] xhci_hcd 0000:00:14.0: xHCI Host Controller
[    0.694501] xhci_hcd 0000:00:14.0: new USB bus registered, assigned bus number 2
[    0.694545] usb usb2: New USB device found, idVendor=1d6b, idProduct=0003
[    0.694547] usb usb2: New USB device strings: Mfr=3, Product=2, SerialNumber=1
[    0.694548] usb usb2: Product: xHCI Host Controller
[    0.694549] usb usb2: Manufacturer: Linux 4.2.0-12-generic xhci-hcd
[    0.694551] usb usb2: SerialNumber: 0000:00:14.0
[    0.694681] hub 2-0:1.0: USB hub found
[    0.694693] hub 2-0:1.0: 4 ports detected
[    0.694841] ehci_hcd: USB 2.0 'Enhanced' Host Controller (EHCI) Driver
[    0.694852] ehci-pci: EHCI PCI platform driver
[    0.694988] ehci-pci 0000:00:1a.0: EHCI Host Controller
[    0.694997] ehci-pci 0000:00:1a.0: new USB bus registered, assigned bus number 3
[    0.695010] ehci-pci 0000:00:1a.0: debug port 2
[    0.698933] ehci-pci 0000:00:1a.0: cache line size of 64 is not supported
[    0.698947] ehci-pci 0000:00:1a.0: irq 16, io mem 0xf7a18000
[    0.699690] ACPI: Battery Slot [BAT0] (battery present)
[    0.707526] ehci-pci 0000:00:1a.0: USB 2.0 started, EHCI 1.00
[    0.707571] usb usb3: New USB device found, idVendor=1d6b, idProduct=0002
[    0.707573] usb usb3: New USB device strings: Mfr=3, Product=2, SerialNumber=1
[    0.707575] usb usb3: Product: EHCI Host Controller
[    0.707576] usb usb3: Manufacturer: Linux 4.2.0-12-generic ehci_hcd
[    0.707577] usb usb3: SerialNumber: 0000:00:1a.0
[    0.707708] hub 3-0:1.0: USB hub found
[    0.707714] hub 3-0:1.0: 2 ports detected
[    0.707876] ehci-pci 0000:00:1d.0: EHCI Host Controller
[    0.707880] ehci-pci 0000:00:1d.0: new USB bus registered, assigned bus number 4
[    0.707890] ehci-pci 0000:00:1d.0: debug port 2
[    0.711787] ehci-pci 0000:00:1d.0: cache line size of 64 is not supported
[    0.711794] ehci-pci 0000:00:1d.0: irq 23, io mem 0xf7a17000
[    0.723583] ehci-pci 0000:00:1d.0: USB 2.0 started, EHCI 1.00
[    0.723622] usb usb4: New USB device found, idVendor=1d6b, idProduct=0002
[    0.723624] usb usb4: New USB device strings: Mfr=3, Product=2, SerialNumber=1
[    0.723626] usb usb4: Product: EHCI Host Controller
[    0.723627] usb usb4: Manufacturer: Linux 4.2.0-12-generic ehci_hcd
[    0.723629] usb usb4: SerialNumber: 0000:00:1d.0
[    0.723786] hub 4-0:1.0: USB hub found
[    0.723793] hub 4-0:1.0: 2 ports detected
[    0.723877] ehci-platform: EHCI generic platform driver
[    0.723887] ohci_hcd: USB 1.1 'Open' Host Controller (OHCI) Driver
[    0.723891] ohci-pci: OHCI PCI platform driver
[    0.723899] ohci-platform: OHCI generic platform driver
[    0.723906] uhci_hcd: USB Universal Host Controller Interface driver
[    0.723955] i8042: PNP: PS/2 Controller [PNP030b:PS2K,PNP0f03:PS2M] at 0x60,0x64 irq 1,12
[    0.726179] i8042: Detected active multiplexing controller, rev 1.1
[    0.727100] serio: i8042 KBD port at 0x60,0x64 irq 1
[    0.727104] serio: i8042 AUX0 port at 0x60,0x64 irq 12
[    0.727132] serio: i8042 AUX1 port at 0x60,0x64 irq 12
[    0.727154] serio: i8042 AUX2 port at 0x60,0x64 irq 12
[    0.727176] serio: i8042 AUX3 port at 0x60,0x64 irq 12
[    0.727467] mousedev: PS/2 mouse device common for all mice
[    0.727866] rtc_cmos 00:02: RTC can wake from S4
[    0.728020] rtc_cmos 00:02: rtc core: registered rtc_cmos as rtc0
[    0.728048] rtc_cmos 00:02: alarms up to one month, y3k, 242 bytes nvram, hpet irqs
[    0.728056] i2c /dev entries driver
[    0.728123] device-mapper: uevent: version 1.0.3
[    0.728248] device-mapper: ioctl: 4.33.0-ioctl (2015-8-18) initialised: dm-devel@redhat.com
[    0.728262] Intel P-state driver initializing.
[    0.728413] ledtrig-cpu: registered to indicate activity on CPUs
[    0.728420] EFI Variables Facility v0.08 2004-May-17
[    0.733106] PCCT header not found.
[    0.733493] NET: Registered protocol family 10
[    0.733818] NET: Registered protocol family 17
[    0.733838] Key type dns_resolver registered
[    0.734593] Loading compiled-in X.509 certificates
[    0.735940] Loaded X.509 cert 'Build time autogenerated kernel key: bb7945b817b637ec324fbc3b9c181575cf2a9b0f'
[    0.735955] registered taskstats version 1
[    0.735976] zswap: loading zswap
[    0.735978] zswap: using zbud pool
[    0.735981] zswap: using lzo compressor
[    0.737646] Key type trusted registered
[    0.740494] Key type encrypted registered
[    0.740501] AppArmor: AppArmor sha1 policy hashing enabled
[    0.740504] ima: No TPM chip found, activating TPM-bypass!
[    0.740520] evm: HMAC attrs: 0x1
[    0.740862]   Magic number: 3:982:500
[    0.740951] rtc_cmos 00:02: setting system clock to 2015-10-24 21:27:52 UTC (1445722072)
[    0.741025] BIOS EDD facility v0.16 2004-Jun-25, 0 devices found
[    0.741026] EDD information not available.
[    0.741155] PM: Hibernation image not present or could not be loaded.
[    0.741404] Freeing unused kernel memory: 1452K (ffffffff81d37000 - ffffffff81ea2000)
[    0.741405] Write protecting the kernel read-only data: 12288k
[    0.741578] Freeing unused kernel memory: 260K (ffff8800017bf000 - ffff880001800000)
[    0.741651] Freeing unused kernel memory: 296K (ffff880001bb6000 - ffff880001c00000)
[    0.752596] random: systemd urandom read with 6 bits of entropy available
[    0.765830] input: AT Translated Set 2 keyboard as /devices/platform/i8042/serio0/input/input3
[    0.787138] lp: driver loaded but no devices found
[    0.788911] ppdev: user-space parallel port driver
[    0.889704] rtsx_pci 0000:04:00.0: rtsx_pci_acquire_irq: pcr->msi_en = 1, pci->irq = 26
[    0.893931] ahci 0000:00:1f.2: version 3.0
[    0.907927] ahci 0000:00:1f.2: AHCI 0001.0300 32 slots 6 ports 6 Gbps 0x5 impl SATA mode
[    0.907933] ahci 0000:00:1f.2: flags: 64bit ncq pm led clo pio slum part ems apst 
[    0.918956] scsi host0: ahci
[    0.919120] scsi host1: ahci
[    0.919402] scsi host2: ahci
[    0.919520] scsi host3: ahci
[    0.919802] scsi host4: ahci
[    0.920126] scsi host5: ahci
[    0.920194] ata1: SATA max UDMA/133 abar m2048@0xf7a16000 port 0xf7a16100 irq 27
[    0.920196] ata2: DUMMY
[    0.920199] ata3: SATA max UDMA/133 abar m2048@0xf7a16000 port 0xf7a16200 irq 27
[    0.920200] ata4: DUMMY
[    0.920202] ata5: DUMMY
[    0.920203] ata6: DUMMY
[    1.003897] usb 1-1: new low-speed USB device number 2 using xhci_hcd
[    1.019916] usb 3-1: new high-speed USB device number 2 using ehci-pci
[    1.035932] usb 4-1: new high-speed USB device number 2 using ehci-pci
[    1.136351] usb 1-1: New USB device found, idVendor=1bcf, idProduct=05cf
[    1.136357] usb 1-1: New USB device strings: Mfr=0, Product=2, SerialNumber=0
[    1.136361] usb 1-1: Product: LuxeMate i8150
[    1.136581] usb 1-1: ep 0x81 - rounding interval to 64 microframes, ep desc says 80 microframes
[    1.136587] usb 1-1: ep 0x82 - rounding interval to 64 microframes, ep desc says 80 microframes
[    1.145137] hidraw: raw HID events driver (C) Jiri Kosina
[    1.152420] usb 3-1: New USB device found, idVendor=8087, idProduct=0024
[    1.152427] usb 3-1: New USB device strings: Mfr=0, Product=0, SerialNumber=0
[    1.152834] hub 3-1:1.0: USB hub found
[    1.152882] hub 3-1:1.0: 6 ports detected
[    1.153824] usbcore: registered new interface driver usbhid
[    1.153827] usbhid: USB HID core driver
[    1.155956] input: LuxeMate i8150 as /devices/pci0000:00/0000:00:14.0/usb1/1-1/1-1:1.0/0003:1BCF:05CF.0001/input/input8
[    1.168445] usb 4-1: New USB device found, idVendor=8087, idProduct=0024
[    1.168451] usb 4-1: New USB device strings: Mfr=0, Product=0, SerialNumber=0
[    1.168842] hub 4-1:1.0: USB hub found
[    1.168930] hub 4-1:1.0: 6 ports detected
[    1.208404] hid-generic 0003:1BCF:05CF.0001: input,hidraw0: USB HID v1.00 Keyboard [LuxeMate i8150] on usb-0000:00:14.0-1/input0
[    1.208633] input: LuxeMate i8150 as /devices/pci0000:00/0000:00:14.0/usb1/1-1/1-1:1.1/0003:1BCF:05CF.0002/input/input9
[    1.240177] ata3: SATA link up 1.5 Gbps (SStatus 113 SControl 300)
[    1.240215] ata1: SATA link up 6.0 Gbps (SStatus 133 SControl 300)
[    1.241277] ata1.00: ACPI cmd f5/00:00:00:00:00:a0 (SECURITY FREEZE LOCK) filtered out
[    1.241454] ata1.00: ACPI cmd ef/10:06:00:00:00:a0 (SET FEATURES) succeeded
[    1.241461] ata1.00: ACPI cmd ef/10:03:00:00:00:a0 (SET FEATURES) filtered out
[    1.242628] ata1.00: ATA-8: HGST HTS541075A9E680, JA2OA560, max UDMA/133
[    1.242634] ata1.00: 1465149168 sectors, multi 16: LBA48 NCQ (depth 31/32), AA
[    1.243795] ata1.00: ACPI cmd f5/00:00:00:00:00:a0 (SECURITY FREEZE LOCK) filtered out
[    1.244038] ata1.00: ACPI cmd ef/10:06:00:00:00:a0 (SET FEATURES) succeeded
[    1.244043] ata1.00: ACPI cmd ef/10:03:00:00:00:a0 (SET FEATURES) filtered out
[    1.261455] ata3.00: ACPI cmd ef/10:06:00:00:00:a0 (SET FEATURES) succeeded
[    1.261462] ata3.00: ACPI cmd ef/10:03:00:00:00:a0 (SET FEATURES) filtered out
[    1.264496] hid-generic 0003:1BCF:05CF.0002: input,hiddev0,hidraw1: USB HID v1.00 Mouse [LuxeMate i8150] on usb-0000:00:14.0-1/input1
[    1.274238] ata3.00: ATAPI: PIONEER DVD-RW DVRTD11RS, 1.05, max UDMA/100
[    1.276046] ata1.00: configured for UDMA/133
[    1.276228] scsi 0:0:0:0: Direct-Access     ATA      HGST HTS541075A9 A560 PQ: 0 ANSI: 5
[    1.276429] sd 0:0:0:0: Attached scsi generic sg0 type 0
[    1.276460] sd 0:0:0:0: [sda] 1465149168 512-byte logical blocks: (750 GB/698 GiB)
[    1.276465] sd 0:0:0:0: [sda] 4096-byte physical blocks
[    1.276546] sd 0:0:0:0: [sda] Write Protect is off
[    1.276549] sd 0:0:0:0: [sda] Mode Sense: 00 3a 00 00
[    1.276581] sd 0:0:0:0: [sda] Write cache: enabled, read cache: enabled, doesn't support DPO or FUA
[    1.287614] ata3.00: ACPI cmd ef/10:06:00:00:00:a0 (SET FEATURES) succeeded
[    1.287616] ata3.00: ACPI cmd ef/10:03:00:00:00:a0 (SET FEATURES) filtered out
[    1.300387] ata3.00: configured for UDMA/100
[    1.307051] scsi 2:0:0:0: CD-ROM            PIONEER  DVD-RW DVRTD11RS 1.05 PQ: 0 ANSI: 5
[    1.308246] usb 1-3: new low-speed USB device number 3 using xhci_hcd
[    1.337798] sr 2:0:0:0: [sr0] scsi3-mmc drive: 24x/24x writer dvd-ram cd/rw xa/form2 cdda tray
[    1.337800] cdrom: Uniform CD-ROM driver Revision: 3.20
[    1.337921] sr 2:0:0:0: Attached scsi CD-ROM sr0
[    1.337982] sr 2:0:0:0: Attached scsi generic sg1 type 5
[    1.344285]  sda: sda1 sda2 sda3 sda4 sda5 sda6
[    1.345035] sd 0:0:0:0: [sda] Attached SCSI disk
[    1.424352] usb 3-1.3: new high-speed USB device number 3 using ehci-pci
[    1.439653] usb 1-3: New USB device found, idVendor=093a, idProduct=2510
[    1.439659] usb 1-3: New USB device strings: Mfr=1, Product=2, SerialNumber=0
[    1.439663] usb 1-3: Product: USB Optical Mouse
[    1.439666] usb 1-3: Manufacturer: PixArt
[    1.439833] usb 1-3: ep 0x81 - rounding interval to 64 microframes, ep desc says 80 microframes
[    1.441425] input: PixArt USB Optical Mouse as /devices/pci0000:00/0000:00:14.0/usb1/1-3/1-3:1.0/0003:093A:2510.0003/input/input10
[    1.441700] hid-generic 0003:093A:2510.0003: input,hidraw2: USB HID v1.11 Mouse [PixArt USB Optical Mouse] on usb-0000:00:14.0-3/input0
[    1.566112] usb 3-1.3: New USB device found, idVendor=04f2, idProduct=b354
[    1.566119] usb 3-1.3: New USB device strings: Mfr=1, Product=2, SerialNumber=0
[    1.566122] usb 3-1.3: Product: USB2.0 HD UVC WebCam
[    1.566125] usb 3-1.3: Manufacturer: Chicony
[    1.660633] tsc: Refined TSC clocksource calibration: 2494.334 MHz
[    1.660640] clocksource: tsc: mask: 0xffffffffffffffff max_cycles: 0x23f45126d86, max_idle_ns: 440795256522 ns
[    2.129144] raid6: sse2x1   gen()  7938 MB/s
[    2.197218] raid6: sse2x1   xor()  6523 MB/s
[    2.265299] raid6: sse2x2   gen() 10423 MB/s
[    2.333371] raid6: sse2x2   xor()  7392 MB/s
[    2.401453] raid6: sse2x4   gen() 12277 MB/s
[    2.469529] raid6: sse2x4   xor()  9131 MB/s
[    2.469530] raid6: using algorithm sse2x4 gen() 12277 MB/s
[    2.469531] raid6: .... xor() 9131 MB/s, rmw enabled
[    2.469532] raid6: using ssse3x2 recovery algorithm
[    2.470495] xor: automatically using best checksumming function:
[    2.509572]    avx       : 22812.000 MB/sec
[    2.519915] Btrfs loaded
[    2.556834] BTRFS: device fsid 0d9c6876-886e-4eb9-b90f-55a85d10509c devid 1 transid 88509 /dev/sda5
[    2.643640] BTRFS info (device sda5): disk space caching is enabled
[    2.643643] BTRFS: has skinny extents
[    2.661805] clocksource: Switched to clocksource tsc
[    3.330216] random: nonblocking pool is initialized
[    8.272580] BTRFS info (device sda5): disk space caching is enabled
[    8.512770] RPC: Registered named UNIX socket transport module.
[    8.512772] RPC: Registered udp transport module.
[    8.512773] RPC: Registered tcp transport module.
[    8.512774] RPC: Registered tcp NFSv4.1 backchannel transport module.
[   11.701607] wmi: Mapper loaded
[   11.742356] [drm] Initialized drm 1.1.0 20060810
[   11.813642] shpchp: Standard Hot Plug PCI Controller Driver version: 0.4
[   11.929505] [drm] Memory usable by graphics device = 2048M
[   11.929509] checking generic (d0000000 300000) vs hw (d0000000 10000000)
[   11.929510] fb: switching to inteldrmfb from EFI VGA
[   11.929549] Console: switching to colour dummy device 80x25
[   11.929614] [drm] Replacing VGA console driver
[   11.938100] [drm] Supports vblank timestamp caching Rev 2 (21.10.2013).
[   11.938103] [drm] Driver supports precise vblank timestamp query.
[   11.938358] vgaarb: device changed decodes: PCI:0000:00:02.0,olddecodes=io+mem,decodes=none:owns=io+mem
[   11.956994] ACPI: Video Device [PEGP] (multi-head: yes  rom: yes  post: no)
[   11.957404] input: Video Bus as /devices/LNXSYSTM:00/LNXSYBUS:00/PNP0A08:00/device:02/LNXVIDEO:00/input/input11
[   11.957926] ACPI: Video Device [GFX0] (multi-head: yes  rom: no  post: no)
[   11.960160] input: Video Bus as /devices/LNXSYSTM:00/LNXSYBUS:00/PNP0A08:00/LNXVIDEO:01/input/input12
[   11.960207] [drm] Initialized i915 1.6.0 20150522 for 0000:00:02.0 on minor 0
[   11.960267] ACPI Warning: SystemIO range 0x0000000000000428-0x000000000000042F conflicts with OpRegion 0x0000000000000400-0x000000000000044F (\GPIS) (20150619/utaddress-254)
[   11.960271] ACPI Warning: SystemIO range 0x0000000000000428-0x000000000000042F conflicts with OpRegion 0x0000000000000400-0x000000000000047F (\PMIO) (20150619/utaddress-254)
[   11.960274] ACPI: If an ACPI driver is available for this device, you should use it instead of the native driver
[   11.960277] ACPI Warning: SystemIO range 0x0000000000000540-0x000000000000054F conflicts with OpRegion 0x0000000000000500-0x000000000000057F (\GPIO) (20150619/utaddress-254)
[   11.960279] ACPI Warning: SystemIO range 0x0000000000000540-0x000000000000054F conflicts with OpRegion 0x0000000000000500-0x0000000000000563 (\GP01) (20150619/utaddress-254)
[   11.960281] ACPI: If an ACPI driver is available for this device, you should use it instead of the native driver
[   11.960282] ACPI Warning: SystemIO range 0x0000000000000530-0x000000000000053F conflicts with OpRegion 0x0000000000000500-0x000000000000057F (\GPIO) (20150619/utaddress-254)
[   11.960284] ACPI Warning: SystemIO range 0x0000000000000530-0x000000000000053F conflicts with OpRegion 0x0000000000000500-0x0000000000000563 (\GP01) (20150619/utaddress-254)
[   11.960286] ACPI: If an ACPI driver is available for this device, you should use it instead of the native driver
[   11.960287] ACPI Warning: SystemIO range 0x0000000000000500-0x000000000000052F conflicts with OpRegion 0x0000000000000500-0x000000000000057F (\GPIO) (20150619/utaddress-254)
[   11.960289] ACPI Warning: SystemIO range 0x0000000000000500-0x000000000000052F conflicts with OpRegion 0x0000000000000500-0x0000000000000563 (\GP01) (20150619/utaddress-254)
[   11.960291] ACPI: If an ACPI driver is available for this device, you should use it instead of the native driver
[   11.960292] lpc_ich: Resource conflict(s) found affecting gpio_ich
[   11.967926] fbcon: inteldrmfb (fb0) is primary device
[   11.968003] Console: switching to colour frame buffer device 170x48
[   11.968020] i915 0000:00:02.0: fb0: inteldrmfb frame buffer device
[   11.968021] i915 0000:00:02.0: registered panic notifier
[   12.077610] r8169 Gigabit Ethernet driver 2.3LK-NAPI loaded
[   12.077621] r8169 0000:04:00.2: can't disable ASPM; OS doesn't have ASPM control
[   12.078388] r8169 0000:04:00.2 eth0: RTL8411 at 0xffffc9000064c000, 08:60:6e:19:a4:c7, XID 08800800 IRQ 30
[   12.078391] r8169 0000:04:00.2 eth0: jumbo features [frames: 9200 bytes, tx checksumming: ko]
[   12.937903] psmouse serio4: elantech: assuming hardware version 4 (with firmware version 0x361f03)
[   12.951615] psmouse serio4: elantech: Synaptics capabilities query result 0x10, 0x14, 0x0e.
[   12.965851] psmouse serio4: elantech: Elan sample query result 05, 24, 64
[   13.034838] input: ETPS/2 Elantech Touchpad as /devices/platform/i8042/serio4/input/input16
[   15.167903] r8169 0000:04:00.2 enp4s0f2: renamed from eth0
[   15.396718] nvidia: module license 'NVIDIA' taints kernel.
[   15.396721] Disabling lock debugging due to kernel taint
[   15.400844] nvidia: module verification failed: signature and/or required key missing - tainting kernel
[   15.404590] nvidia 0000:01:00.0: enabling device (0000 -> 0003)
[   15.404656] vgaarb: device changed decodes: PCI:0000:01:00.0,olddecodes=io+mem,decodes=none:owns=none
[   15.404797] [drm] Initialized nvidia-drm 0.0.0 20150116 for 0000:01:00.0 on minor 1
[   15.404803] NVRM: loading NVIDIA UNIX x86_64 Kernel Module  304.128  Wed Aug 26 10:38:05 PDT 2015
[   16.591730] asus_wmi: ASUS WMI generic driver loaded
[   16.693098] media: Linux media interface: v0.10
[   17.964820] asus_wmi: Initialization: 0x1
[   17.964845] asus_wmi: BIOS WMI version: 7.9
[   17.964871] asus_wmi: SFUN value: 0x4a0877
[   17.965452] input: Asus WMI hotkeys as /devices/platform/asus-nb-wmi/input/input17
[   17.974968] Linux video capture interface: v2.00
[   17.988339] asus_wmi: Number of fans: 1
[   18.608821] ath: phy0: Disable PLL PowerSave
[   18.615468] ath: phy0: Enable LNA combining
[   18.615918] AVX version of gcm_enc/dec engaged.
[   18.615921] AES CTR mode by8 optimization enabled
[   18.617636] ath: phy0: ASPM enabled: 0x42
[   18.617639] ath: EEPROM regdomain: 0x60
[   18.617641] ath: EEPROM indicates we should expect a direct regpair map
[   18.617643] ath: Country alpha2 being used: 00
[   18.617644] ath: Regpair used: 0x60
[   21.632217] ieee80211 phy0: Selected rate control algorithm 'minstrel_ht'
[   21.632530] ieee80211 phy0: Atheros AR9485 Rev:1 mem=0xffffc90000d00000, irq=17
[   21.633582] ath9k 0000:03:00.0 wlp3s0: renamed from wlan0
[   24.901354] cfg80211: World regulatory domain updated:
[   24.901358] cfg80211:  DFS Master region: unset
[   24.901359] cfg80211:   (start_freq - end_freq @ bandwidth), (max_antenna_gain, max_eirp), (dfs_cac_time)
[   24.901361] cfg80211:   (2402000 KHz - 2472000 KHz @ 40000 KHz), (N/A, 2000 mBm), (N/A)
[   24.901362] cfg80211:   (2457000 KHz - 2482000 KHz @ 40000 KHz), (N/A, 2000 mBm), (N/A)
[   24.901363] cfg80211:   (2474000 KHz - 2494000 KHz @ 20000 KHz), (N/A, 2000 mBm), (N/A)
[   24.901365] cfg80211:   (5170000 KHz - 5250000 KHz @ 80000 KHz, 160000 KHz AUTO), (N/A, 2000 mBm), (N/A)
[   24.901366] cfg80211:   (5250000 KHz - 5330000 KHz @ 80000 KHz, 160000 KHz AUTO), (N/A, 2000 mBm), (0 s)
[   24.901367] cfg80211:   (5490000 KHz - 5730000 KHz @ 160000 KHz), (N/A, 2000 mBm), (0 s)
[   24.901368] cfg80211:   (5735000 KHz - 5835000 KHz @ 80000 KHz), (N/A, 2000 mBm), (N/A)
[   24.901370] cfg80211:   (57240000 KHz - 63720000 KHz @ 2160000 KHz), (N/A, 0 mBm), (N/A)
[   25.906931] uvcvideo: Found UVC 1.00 device USB2.0 HD UVC WebCam (04f2:b354)
[   25.911690] input: USB2.0 HD UVC WebCam as /devices/pci0000:00/0000:00:1a.0/usb3/3-1/3-1.3/3-1.3:1.0/input/input18
[   25.911745] usbcore: registered new interface driver uvcvideo
[   25.911746] USB Video Class driver (1.1.1)
[   25.914474] intel_rapl: Found RAPL domain package
[   25.914478] intel_rapl: Found RAPL domain core
[   25.914480] intel_rapl: Found RAPL domain uncore
[   26.563967] snd_hda_codec_realtek hdaudioC0D0: autoconfig for ALC270: line_outs=1 (0x14/0x0/0x0/0x0/0x0) type:speaker
[   26.563972] snd_hda_codec_realtek hdaudioC0D0:    speaker_outs=0 (0x0/0x0/0x0/0x0/0x0)
[   26.563974] snd_hda_codec_realtek hdaudioC0D0:    hp_outs=1 (0x21/0x0/0x0/0x0/0x0)
[   26.563976] snd_hda_codec_realtek hdaudioC0D0:    mono: mono_out=0x0
[   26.563978] snd_hda_codec_realtek hdaudioC0D0:    inputs:
[   26.563981] snd_hda_codec_realtek hdaudioC0D0:      Internal Mic=0x19
[   26.563983] snd_hda_codec_realtek hdaudioC0D0:      Mic=0x18
[   26.573698] input: HDA Intel PCH Mic as /devices/pci0000:00/0000:00:1b.0/sound/card0/input19
[   26.573757] input: HDA Intel PCH Headphone as /devices/pci0000:00/0000:00:1b.0/sound/card0/input20
[   26.573816] input: HDA Intel PCH HDMI/DP,pcm=3 as /devices/pci0000:00/0000:00:1b.0/sound/card0/input21
[   29.303816] Adding 7812092k swap on /dev/sda4.  Priority:-1 extents:1 across:7812092k FS
[   30.563114] audit: type=1400 audit(1445711302.284:2): apparmor="STATUS" operation="profile_load" profile="unconfined" name="/sbin/dhclient" pid=728 comm="apparmor_parser"
[   30.563122] audit: type=1400 audit(1445711302.284:3): apparmor="STATUS" operation="profile_load" profile="unconfined" name="/usr/lib/NetworkManager/nm-dhcp-client.action" pid=728 comm="apparmor_parser"
[   30.563127] audit: type=1400 audit(1445711302.284:4): apparmor="STATUS" operation="profile_load" profile="unconfined" name="/usr/lib/NetworkManager/nm-dhcp-helper" pid=728 comm="apparmor_parser"
[   30.563130] audit: type=1400 audit(1445711302.284:5): apparmor="STATUS" operation="profile_load" profile="unconfined" name="/usr/lib/connman/scripts/dhclient-script" pid=728 comm="apparmor_parser"
[   30.566639] audit: type=1400 audit(1445711302.288:6): apparmor="STATUS" operation="profile_load" profile="unconfined" name="/usr/lib/telepathy/mission-control-5" pid=728 comm="apparmor_parser"
[   30.566646] audit: type=1400 audit(1445711302.288:7): apparmor="STATUS" operation="profile_load" profile="unconfined" name="/usr/lib/telepathy/telepathy-*" pid=728 comm="apparmor_parser"
[   30.566651] audit: type=1400 audit(1445711302.288:8): apparmor="STATUS" operation="profile_load" profile="unconfined" name="pxgsettings" pid=728 comm="apparmor_parser"
[   30.566655] audit: type=1400 audit(1445711302.288:9): apparmor="STATUS" operation="profile_load" profile="unconfined" name="sanitized_helper" pid=728 comm="apparmor_parser"
[   30.566658] audit: type=1400 audit(1445711302.288:10): apparmor="STATUS" operation="profile_load" profile="unconfined" name="/usr/lib/telepathy/telepathy-ofono" pid=728 comm="apparmor_parser"
[   30.567849] audit: type=1400 audit(1445711302.288:11): apparmor="STATUS" operation="profile_load" profile="unconfined" name="/usr/sbin/cups-browsed" pid=728 comm="apparmor_parser"
[   33.083698] IPv6: ADDRCONF(NETDEV_UP): wlp3s0: link is not ready
[   33.098433] IPv6: ADDRCONF(NETDEV_UP): wlp3s0: link is not ready
[   33.099759] IPv6: ADDRCONF(NETDEV_UP): enp4s0f2: link is not ready
[   33.355807] r8169 0000:04:00.2 enp4s0f2: link down
[   33.355848] IPv6: ADDRCONF(NETDEV_UP): enp4s0f2: link is not ready
[   33.641931] IPv6: ADDRCONF(NETDEV_UP): wlp3s0: link is not ready
[   34.618435] wlp3s0: authenticate with 00:1d:60:04:aa:4f
[   34.633064] wlp3s0: send auth to 00:1d:60:04:aa:4f (try 1/3)
[   34.635110] wlp3s0: authenticated
[   34.635289] ath9k 0000:03:00.0 wlp3s0: disabling HT as WMM/QoS is not supported by the AP
[   34.635293] ath9k 0000:03:00.0 wlp3s0: disabling VHT as WMM/QoS is not supported by the AP
[   34.638377] wlp3s0: associate with 00:1d:60:04:aa:4f (try 1/3)
[   34.641080] wlp3s0: RX AssocResp from 00:1d:60:04:aa:4f (capab=0x411 status=0 aid=1)
[   34.641189] wlp3s0: associated
[   34.641199] IPv6: ADDRCONF(NETDEV_CHANGE): wlp3s0: link becomes ready
[   41.710206] [drm:intel_set_pch_fifo_underrun_reporting [i915]] *ERROR* uncleared pch fifo underrun on pch transcoder A
[   41.710222] [drm:intel_pch_fifo_underrun_irq_handler [i915]] *ERROR* PCH transcoder A FIFO underrun
[  148.175613] Bluetooth: Core ver 2.20
[  148.175650] NET: Registered protocol family 31
[  148.175652] Bluetooth: HCI device and connection manager initialized
[  148.175657] Bluetooth: HCI socket layer initialized
[  148.175660] Bluetooth: L2CAP socket layer initialized
[  148.175666] Bluetooth: SCO socket layer initialized
[  148.183978] Bluetooth: BNEP (Ethernet Emulation) ver 1.3
[  148.183982] Bluetooth: BNEP filters: protocol multicast
[  148.183987] Bluetooth: BNEP socket layer initialized
[  328.254284] usbcore: registered new interface driver leap
[  355.258071] usbcore: deregistering interface driver uvcvideo
[  364.434233] usb 1-2: new high-speed USB device number 4 using xhci_hcd
[  364.563270] usb 1-2: New USB device found, idVendor=f182, idProduct=0003
[  364.563278] usb 1-2: New USB device strings: Mfr=1, Product=2, SerialNumber=0
[  364.563282] usb 1-2: Product: Leap Motion Controller
[  364.563285] usb 1-2: Manufacturer: Leap Motion
[  364.563900] Probing!
[  364.564053] SUNT IN RAI!
[  364.730881] usb 1-2: reset high-speed USB device number 4 using xhci_hcd
[  364.859308] Resetare!
[  364.860425] Schimb interfata!USB Leapmotion device now attached to USBLeap-1
[  364.860780] Probing!
[  364.861440] Schimb interfata!USB Leapmotion device now attached to USBLeap-2
[  364.991548] uvcvideo: Found UVC 1.00 device USB2.0 HD UVC WebCam (04f2:b354)
[  364.996177] input: USB2.0 HD UVC WebCam as /devices/pci0000:00/0000:00:1a.0/usb3/3-1/3-1.3/3-1.3:1.0/input/input22
[  364.996507] usbcore: registered new interface driver uvcvideo
[  364.996514] USB Video Class driver (1.1.1)
